interactions:
- request:
    body: '{"siteUrl": "https://example.test", "crawlSettings": {"__type": "CrawlSettings:#Microsoft.Bing.Webmaster.Api",
      "CrawlBoostAvailable": true, "CrawlBoostEnabled": true, "CrawlRate": [2, 1,
      5, 4, 4, 3, 2, 9, 2, 10, 7, 1, 1, 2, 4, 4, 9, 10, 1, 9, 4, 9, 7, 4]}}'
    headers:
      Content-Type:
      - application/json; charset=utf-8
    method: POST
    uri: https://ssl.bing.com/webmaster/api.svc/json/SaveCrawlSettings
  response:
    body:
      string: '{"d": null}'
    headers:
      Accept-CH:
      - Sec-CH-UA-Arch, Sec-CH-UA-Bitness, Sec-CH-UA-Full-Version, Sec-CH-UA-Full-Version-List,
        Sec-CH-UA-Mobile, Sec-CH-UA-Model, Sec-CH-UA-Platform, Sec-CH-UA-Platform-Version
      Cache-Control:
      - private
      Content-Length:
      - '10'
      Content-Type:
      - application/json; charset=utf-8
      Date:
      - Thu, 14 Nov 2024 09:22:30 GMT
      X-AspNet-Version:
      - 4.0.30319
      X-Cache:
      - CONFIG_NOCACHE
      X-MSEdge-Ref:
      - 'Ref A: 249E91E9DB5948939C21C15E924EA885 Ref B: SGN30EDGE0517 Ref C: 2024-11-14T09:22:30Z'
      X-Powered-By:
      - ASP.NET
    status:
      code: 200
      message: OK
- request:
    body: null
    headers:
      Content-Type:
      - application/json; charset=utf-8
    method: GET
    uri: https://ssl.bing.com/webmaster/api.svc/json/GetCrawlSettings?siteUrl=https%3A%2F%2Fexample.test
  response:
    body:
      string: '{"d": {"__type": "CrawlSettings:#Microsoft.Bing.Webmaster.Api", "CrawlBoostAvailable":
        false, "CrawlBoostEnabled": false, "CrawlRate": [2, 1, 5, 4, 4, 3, 2, 9, 2,
        10, 7, 1, 1, 2, 4, 4, 9, 10, 1, 9, 4, 9, 7, 4]}}'
    headers:
      Accept-CH:
      - Sec-CH-UA-Arch, Sec-CH-UA-Bitness, Sec-CH-UA-Full-Version, Sec-CH-UA-Full-Version-List,
        Sec-CH-UA-Mobile, Sec-CH-UA-Model, Sec-CH-UA-Platform, Sec-CH-UA-Platform-Version
      Cache-Control:
      - private
      Content-Length:
      - '180'
      Content-Type:
      - application/json; charset=utf-8
      Date:
      - Thu, 14 Nov 2024 09:22:31 GMT
      X-AspNet-Version:
      - 4.0.30319
      X-Cache:
      - CONFIG_NOCACHE
      X-MSEdge-Ref:
      - 'Ref A: FC51385BF1944875AF31E23B512C0A87 Ref B: SGN30EDGE0517 Ref C: 2024-11-14T09:22:31Z'
      X-Powered-By:
      - ASP.NET
    status:
      code: 200
      message: OK
- request:
    body: null
    headers:
      Content-Type:
      - application/json; charset=utf-8
    method: GET
    uri: https://ssl.bing.com/webmaster/api.svc/json/GetCrawlSettings?siteUrl=https%3A%2F%2Fexample.test
  response:
    body:
      string: '{"d": {"__type": "CrawlSettings:#Microsoft.Bing.Webmaster.Api", "CrawlBoostAvailable":
        false, "CrawlBoostEnabled": false, "CrawlRate": [2, 1, 5, 4, 4, 3, 2, 9, 2,
        10, 7, 1, 1, 2, 4, 4, 9, 10, 1, 9, 4, 9, 7, 4]}}'
    headers:
      Accept-CH:
      - Sec-CH-UA-Arch, Sec-CH-UA-Bitness, Sec-CH-UA-Full-Version, Sec-CH-UA-Full-Version-List,
        Sec-CH-UA-Mobile, Sec-CH-UA-Model, Sec-CH-UA-Platform, Sec-CH-UA-Platform-Version
      Cache-Control:
      - private
      Content-Length:
      - '180'
      Content-Type:
      - application/json; charset=utf-8
      Date:
      - Thu, 14 Nov 2024 09:22:31 GMT
      X-AspNet-Version:
      - 4.0.30319
      X-Cache:
      - CONFIG_NOCACHE
      X-MSEdge-Ref:
      - 'Ref A: C31AB3803B5A4EBC97D2DA1349075B4C Ref B: SGN30EDGE0517 Ref C: 2024-11-14T09:22:31Z'
      X-Powered-By:
      - ASP.NET
    status:
      code: 200
      message: OK
version: 1
